#
# There is insufficient memory for the Java Runtime Environment to continue.
# Native memory allocation (malloc) failed to allocate 1788176 bytes. Error detail: Chunk::new
# Possible reasons:
#   The system is out of physical RAM or swap space
#   This process is running with CompressedOops enabled, and the Java Heap may be blocking the growth of the native heap
# Possible solutions:
#   Reduce memory load on the system
#   Increase physical memory or swap space
#   Check if swap backing store is full
#   Decrease Java heap size (-Xmx/-Xms)
#   Decrease number of Java threads
#   Decrease Java thread stack sizes (-Xss)
#   Set larger code cache with -XX:ReservedCodeCacheSize=
#   JVM is running with Unscaled Compressed Oops mode in which the Java heap is
#     placed in the first 4GB address space. The Java Heap base address is the
#     maximum limit for the native heap growth. Please use -XX:HeapBaseMinAddress
#     to set the Java Heap base and to place the Java Heap above 4GB virtual address.
# This output file may be truncated or incomplete.
#
#  Out of Memory Error (arena.cpp:168), pid=7348, tid=1068
#
# JRE version: OpenJDK Runtime Environment (21.0.3) (build 21.0.3+-12282718-b509.11)
# Java VM: OpenJDK 64-Bit Server VM (21.0.3+-12282718-b509.11, mixed mode, tiered, compressed oops, compressed class ptrs, g1 gc, windows-amd64)
# No core dump will be written. Minidumps are not enabled by default on client versions of Windows
#

---------------  S U M M A R Y ------------

Command Line: --add-opens=java.base/java.util=ALL-UNNAMED --add-opens=java.base/java.lang=ALL-UNNAMED --add-opens=java.base/java.lang.invoke=ALL-UNNAMED --add-opens=java.prefs/java.util.prefs=ALL-UNNAMED --add-exports=jdk.compiler/com.sun.tools.javac.api=ALL-UNNAMED --add-exports=jdk.compiler/com.sun.tools.javac.util=ALL-UNNAMED --add-opens=java.base/java.nio.charset=ALL-UNNAMED --add-opens=java.base/java.net=ALL-UNNAMED --add-opens=java.base/java.util.concurrent.atomic=ALL-UNNAMED -Xmx2048m -Dfile.encoding=UTF-8 -Duser.country=IN -Duser.language=en -Duser.variant -javaagent:C:\Users\DELL\.gradle\wrapper\dists\gradle-8.9-bin\90cnw93cvbtalezasaz0blq0a\gradle-8.9\lib\agents\gradle-instrumentation-agent-8.9.jar org.gradle.launcher.daemon.bootstrap.GradleDaemon 8.9

Host: 13th Gen Intel(R) Core(TM) i5-1334U, 12 cores, 15G,  Windows 11 , 64 bit Build 26100 (10.0.26100.7019)
Time: Mon Nov 17 10:02:47 2025 India Standard Time elapsed time: 7.800276 seconds (0d 0h 0m 7s)

---------------  T H R E A D  ---------------

Current thread (0x00000202142db920):  JavaThread "C2 CompilerThread0" daemon [_thread_in_native, id=1068, stack(0x00000010c3000000,0x00000010c3100000) (1024K)]


Current CompileTask:
C2:   7800 2770   !   4       java.net.URLClassLoader::findClass (47 bytes)

Stack: [0x00000010c3000000,0x00000010c3100000]
Native frames: (J=compiled Java code, j=interpreted, Vv=VM code, C=native code)
V  [jvm.dll+0x6cafb9]
V  [jvm.dll+0x858523]
V  [jvm.dll+0x85aa7e]
V  [jvm.dll+0x85b163]
V  [jvm.dll+0x27d356]
V  [jvm.dll+0xbf93d]
V  [jvm.dll+0xbfe73]
V  [jvm.dll+0x3b1ceb]
V  [jvm.dll+0x1de082]
V  [jvm.dll+0x246c54]
V  [jvm.dll+0x2460d1]
V  [jvm.dll+0x1c5804]
V  [jvm.dll+0x25575c]
V  [jvm.dll+0x253c36]
V  [jvm.dll+0x3ec996]
V  [jvm.dll+0x800d78]
V  [jvm.dll+0x6c98cd]
C  [ucrtbase.dll+0x37b0]
C  [KERNEL32.DLL+0x2e8d7]
C  [ntdll.dll+0x8c53c]


---------------  P R O C E S S  ---------------

Threads class SMR info:
_java_thread_list=0x000002021ae9afa0, length=26, elements={
0x000002027a2c5240, 0x00000202142a7b10, 0x00000202142a8570, 0x00000202142c1370,
0x00000202142944b0, 0x00000202142d1ea0, 0x0000020214296260, 0x00000202142db920,
0x00000202142e3fe0, 0x000002021441acc0, 0x000002021457e530, 0x000002021a1be610,
0x000002021a1ec540, 0x000002021a2b4320, 0x000002021a282100, 0x000002021a27f190,
0x000002021a342970, 0x000002021a352100, 0x000002021a354ef0, 0x000002021a354860,
0x000002021a3541d0, 0x000002021a355580, 0x000002021a352e20, 0x000002021a352790,
0x000002021a669cf0, 0x000002021bd2d8b0
}

Java Threads: ( => current thread )
  0x000002027a2c5240 JavaThread "main"                              [_thread_blocked, id=22752, stack(0x00000010c2200000,0x00000010c2300000) (1024K)]
  0x00000202142a7b10 JavaThread "Reference Handler"          daemon [_thread_blocked, id=4304, stack(0x00000010c2a00000,0x00000010c2b00000) (1024K)]
  0x00000202142a8570 JavaThread "Finalizer"                  daemon [_thread_blocked, id=17716, stack(0x00000010c2b00000,0x00000010c2c00000) (1024K)]
  0x00000202142c1370 JavaThread "Signal Dispatcher"          daemon [_thread_blocked, id=24232, stack(0x00000010c2c00000,0x00000010c2d00000) (1024K)]
  0x00000202142944b0 JavaThread "Attach Listener"            daemon [_thread_blocked, id=7064, stack(0x00000010c2d00000,0x00000010c2e00000) (1024K)]
  0x00000202142d1ea0 JavaThread "Service Thread"             daemon [_thread_blocked, id=32740, stack(0x00000010c2e00000,0x00000010c2f00000) (1024K)]
  0x0000020214296260 JavaThread "Monitor Deflation Thread"   daemon [_thread_blocked, id=30736, stack(0x00000010c2f00000,0x00000010c3000000) (1024K)]
=>0x00000202142db920 JavaThread "C2 CompilerThread0"         daemon [_thread_in_native, id=1068, stack(0x00000010c3000000,0x00000010c3100000) (1024K)]
  0x00000202142e3fe0 JavaThread "C1 CompilerThread0"         daemon [_thread_blocked, id=12040, stack(0x00000010c3100000,0x00000010c3200000) (1024K)]
  0x000002021441acc0 JavaThread "Common-Cleaner"             daemon [_thread_blocked, id=29848, stack(0x00000010c3200000,0x00000010c3300000) (1024K)]
  0x000002021457e530 JavaThread "Notification Thread"        daemon [_thread_blocked, id=30360, stack(0x00000010c3300000,0x00000010c3400000) (1024K)]
  0x000002021a1be610 JavaThread "Daemon health stats"               [_thread_blocked, id=28880, stack(0x00000010c3500000,0x00000010c3600000) (1024K)]
  0x000002021a1ec540 JavaThread "Incoming local TCP Connector on port 61346"        [_thread_in_native, id=17132, stack(0x00000010c3400000,0x00000010c3500000) (1024K)]
  0x000002021a2b4320 JavaThread "Daemon periodic checks"            [_thread_blocked, id=2692, stack(0x00000010c3b00000,0x00000010c3c00000) (1024K)]
  0x000002021a282100 JavaThread "Daemon"                            [_thread_blocked, id=14432, stack(0x00000010c3c00000,0x00000010c3d00000) (1024K)]
  0x000002021a27f190 JavaThread "Handler for socket connection from /127.0.0.1:61346 to /127.0.0.1:61347"        [_thread_in_native, id=21116, stack(0x00000010c3d00000,0x00000010c3e00000) (1024K)]
  0x000002021a342970 JavaThread "Cancel handler"                    [_thread_blocked, id=23324, stack(0x00000010c3e00000,0x00000010c3f00000) (1024K)]
  0x000002021a352100 JavaThread "Daemon worker"                     [_thread_in_native, id=21840, stack(0x00000010c3f00000,0x00000010c4000000) (1024K)]
  0x000002021a354ef0 JavaThread "Asynchronous log dispatcher for DefaultDaemonConnection: socket connection from /127.0.0.1:61346 to /127.0.0.1:61347"        [_thread_blocked, id=21808, stack(0x00000010c4000000,0x00000010c4100000) (1024K)]
  0x000002021a354860 JavaThread "Stdin handler"                     [_thread_blocked, id=24352, stack(0x00000010c4100000,0x00000010c4200000) (1024K)]
  0x000002021a3541d0 JavaThread "Daemon client event forwarder"        [_thread_blocked, id=29096, stack(0x00000010c4200000,0x00000010c4300000) (1024K)]
  0x000002021a355580 JavaThread "Cache worker for journal cache (C:\Users\DELL\.gradle\caches\journal-1)"        [_thread_blocked, id=30568, stack(0x00000010c4900000,0x00000010c4a00000) (1024K)]
  0x000002021a352e20 JavaThread "File lock request listener"        [_thread_in_native, id=20812, stack(0x00000010c4a00000,0x00000010c4b00000) (1024K)]
  0x000002021a352790 JavaThread "Cache worker for file hash cache (C:\Users\DELL\.gradle\caches\8.9\fileHashes)"        [_thread_blocked, id=8796, stack(0x00000010c4b00000,0x00000010c4c00000) (1024K)]
  0x000002021a669cf0 JavaThread "C2 CompilerThread1"         daemon [_thread_in_native, id=16320, stack(0x00000010c4c00000,0x00000010c4d00000) (1024K)]
  0x000002021bd2d8b0 JavaThread "C2 CompilerThread2"         daemon [_thread_in_native, id=3964, stack(0x00000010c4d00000,0x00000010c4e00000) (1024K)]
Total: 26

Other Threads:
  0x000002021420d750 VMThread "VM Thread"                           [id=22248, stack(0x00000010c2900000,0x00000010c2a00000) (1024K)]
  0x0000020214200ab0 WatcherThread "VM Periodic Task Thread"        [id=18744, stack(0x00000010c2800000,0x00000010c2900000) (1024K)]
  0x000002027c600cc0 WorkerThread "GC Thread#0"                     [id=25780, stack(0x00000010c2300000,0x00000010c2400000) (1024K)]
  0x000002021903a0e0 WorkerThread "GC Thread#1"                     [id=17300, stack(0x00000010c3600000,0x00000010c3700000) (1024K)]
  0x0000020214d98440 WorkerThread "GC Thread#2"                     [id=24904, stack(0x00000010c3700000,0x00000010c3800000) (1024K)]
  0x0000020214d987e0 WorkerThread "GC Thread#3"                     [id=24304, stack(0x00000010c3800000,0x00000010c3900000) (1024K)]
  0x0000020214deeae0 WorkerThread "GC Thread#4"                     [id=21620, stack(0x00000010c3900000,0x00000010c3a00000) (1024K)]
  0x0000020214deee80 WorkerThread "GC Thread#5"                     [id=4244, stack(0x00000010c3a00000,0x00000010c3b00000) (1024K)]
  0x000002021a3f0c50 WorkerThread "GC Thread#6"                     [id=32492, stack(0x00000010c4300000,0x00000010c4400000) (1024K)]
  0x000002021a3e9140 WorkerThread "GC Thread#7"                     [id=14384, stack(0x00000010c4400000,0x00000010c4500000) (1024K)]
  0x000002021a3fec90 WorkerThread "GC Thread#8"                     [id=29448, stack(0x00000010c4500000,0x00000010c4600000) (1024K)]
  0x000002021a3fe8f0 WorkerThread "GC Thread#9"                     [id=17912, stack(0x00000010c4600000,0x00000010c4700000) (1024K)]
  0x000002027c6129f0 ConcurrentGCThread "G1 Main Marker"            [id=23780, stack(0x00000010c2400000,0x00000010c2500000) (1024K)]
  0x000002027c613400 WorkerThread "G1 Conc#0"                       [id=6408, stack(0x00000010c2500000,0x00000010c2600000) (1024K)]
  0x000002021a3ff030 WorkerThread "G1 Conc#1"                       [id=28848, stack(0x00000010c4700000,0x00000010c4800000) (1024K)]
  0x000002021a3fd6d0 WorkerThread "G1 Conc#2"                       [id=24104, stack(0x00000010c4800000,0x00000010c4900000) (1024K)]
  0x0000020213d3f530 ConcurrentGCThread "G1 Refine#0"               [id=3176, stack(0x00000010c2600000,0x00000010c2700000) (1024K)]
  0x0000020213d40d60 ConcurrentGCThread "G1 Service"                [id=27960, stack(0x00000010c2700000,0x00000010c2800000) (1024K)]
Total: 18

Threads with active compile tasks:
C2 CompilerThread0     7920 2770   !   4       java.net.URLClassLoader::findClass (47 bytes)
C2 CompilerThread1     7921 2781       4       java.net.URLClassLoader$1::run (5 bytes)
C2 CompilerThread2     7921 2783   !   4       java.lang.ClassLoader::loadClass (121 bytes)
Total: 3

VM state: not at safepoint (normal execution)

VM Mutex/Monitor currently owned by a thread: None

Heap address: 0x0000000080000000, size: 2048 MB, Compressed Oops mode: 32-bit

CDS archive(s) not mapped
Compressed class space mapped at: 0x0000000100000000-0x0000000140000000, reserved size: 1073741824
Narrow klass base: 0x0000000000000000, Narrow klass shift: 3, Narrow klass range: 0x140000000

GC Precious Log:
 CardTable entry size: 512
 Card Set container configuration: InlinePtr #cards 5 size 8 Array Of Cards #cards 12 size 40 Howl #buckets 4 coarsen threshold 1843 Howl Bitmap #cards 512 size 80 coarsen threshold 460 Card regions per heap region 1 cards per card region 2048
 CPUs: 12 total, 12 available
 Memory: 16068M
 Large Page Support: Disabled
 NUMA Support: Disabled
 Compressed Oops: Enabled (32-bit)
 Heap Region Size: 1M
 Heap Min Capacity: 8M
 Heap Initial Capacity: 252M
 Heap Max Capacity: 2G
 Pre-touch: Disabled
 Parallel Workers: 10
 Concurrent Workers: 3
 Concurrent Refinement Workers: 10
 Periodic GC: Disabled

Heap:
 garbage-first heap   total 78848K, used 64897K [0x0000000080000000, 0x0000000100000000)
  region size 1024K, 55 young (56320K), 10 survivors (10240K)
 Metaspace       used 28858K, committed 29440K, reserved 1114112K
  class space    used 3699K, committed 3968K, reserved 1048576K

Heap Regions: E=young(eden), S=young(survivor), O=old, HS=humongous(starts), HC=humongous(continues), CS=collection set, F=free, TAMS=top-at-mark-start, PB=parsable bottom
|   0|0x0000000080000000, 0x0000000080100000, 0x0000000080100000|100%|HS|  |TAMS 0x0000000080000000| PB 0x0000000080000000| Complete 
|   1|0x0000000080100000, 0x0000000080200000, 0x0000000080200000|100%|HC|  |TAMS 0x0000000080100000| PB 0x0000000080100000| Complete 
|   2|0x0000000080200000, 0x0000000080300000, 0x0000000080300000|100%|HC|  |TAMS 0x0000000080200000| PB 0x0000000080200000| Complete 
|   3|0x0000000080300000, 0x0000000080400000, 0x0000000080400000|100%|HC|  |TAMS 0x0000000080300000| PB 0x0000000080300000| Complete 
|   4|0x0000000080400000, 0x0000000080500000, 0x0000000080500000|100%| O|  |TAMS 0x0000000080400000| PB 0x0000000080400000| Untracked 
|   5|0x0000000080500000, 0x0000000080600000, 0x0000000080600000|100%| O|  |TAMS 0x0000000080500000| PB 0x0000000080500000| Untracked 
|   6|0x0000000080600000, 0x0000000080700000, 0x0000000080700000|100%| O|  |TAMS 0x0000000080600000| PB 0x0000000080600000| Untracked 
|   7|0x0000000080700000, 0x0000000080800000, 0x0000000080800000|100%| O|  |TAMS 0x0000000080700000| PB 0x0000000080700000| Untracked 
|   8|0x0000000080800000, 0x0000000080900000, 0x0000000080900000|100%| O|  |TAMS 0x0000000080800000| PB 0x0000000080800000| Untracked 
|   9|0x0000000080900000, 0x0000000080a00000, 0x0000000080a00000|100%| O|  |TAMS 0x0000000080900000| PB 0x0000000080900000| Untracked 
|  10|0x0000000080a00000, 0x0000000080a28a40, 0x0000000080b00000| 15%| O|Cm|TAMS 0x0000000080a00000| PB 0x0000000080a00000| Complete 
|  11|0x0000000080b00000, 0x0000000080c00000, 0x0000000080c00000|100%|HS|  |TAMS 0x0000000080b00000| PB 0x0000000080b00000| Complete 
|  12|0x0000000080c00000, 0x0000000080c00000, 0x0000000080d00000|  0%| F|  |TAMS 0x0000000080c00000| PB 0x0000000080c00000| Untracked 
|  13|0x0000000080d00000, 0x0000000080d00000, 0x0000000080e00000|  0%| F|  |TAMS 0x0000000080d00000| PB 0x0000000080d00000| Untracked 
|  14|0x0000000080e00000, 0x0000000080e00000, 0x0000000080f00000|  0%| F|  |TAMS 0x0000000080e00000| PB 0x0000000080e00000| Untracked 
|  15|0x0000000080f00000, 0x0000000080f00000, 0x0000000081000000|  0%| F|  |TAMS 0x0000000080f00000| PB 0x0000000080f00000| Untracked 
|  16|0x0000000081000000, 0x0000000081000000, 0x0000000081100000|  0%| F|  |TAMS 0x0000000081000000| PB 0x0000000081000000| Untracked 
|  17|0x0000000081100000, 0x0000000081100000, 0x0000000081200000|  0%| F|  |TAMS 0x0000000081100000| PB 0x0000000081100000| Untracked 
|  18|0x0000000081200000, 0x0000000081200000, 0x0000000081300000|  0%| F|  |TAMS 0x0000000081200000| PB 0x0000000081200000| Untracked 
|  19|0x0000000081300000, 0x0000000081300000, 0x0000000081400000|  0%| F|  |TAMS 0x0000000081300000| PB 0x0000000081300000| Untracked 
|  20|0x0000000081400000, 0x0000000081400000, 0x0000000081500000|  0%| F|  |TAMS 0x0000000081400000| PB 0x0000000081400000| Untracked 
|  21|0x0000000081500000, 0x0000000081500000, 0x0000000081600000|  0%| F|  |TAMS 0x0000000081500000| PB 0x0000000081500000| Untracked 
|  22|0x0000000081600000, 0x00000000816f43f8, 0x0000000081700000| 95%| E|  |TAMS 0x0000000081600000| PB 0x0000000081600000| Complete 
|  23|0x0000000081700000, 0x0000000081800000, 0x0000000081800000|100%| E|CS|TAMS 0x0000000081700000| PB 0x0000000081700000| Complete 
|  24|0x0000000081800000, 0x0000000081900000, 0x0000000081900000|100%| E|CS|TAMS 0x0000000081800000| PB 0x0000000081800000| Complete 
|  25|0x0000000081900000, 0x0000000081a00000, 0x0000000081a00000|100%| E|CS|TAMS 0x0000000081900000| PB 0x0000000081900000| Complete 
|  26|0x0000000081a00000, 0x0000000081b00000, 0x0000000081b00000|100%| E|CS|TAMS 0x0000000081a00000| PB 0x0000000081a00000| Complete 
|  27|0x0000000081b00000, 0x0000000081c00000, 0x0000000081c00000|100%| E|CS|TAMS 0x0000000081b00000| PB 0x0000000081b00000| Complete 
|  28|0x0000000081c00000, 0x0000000081d00000, 0x0000000081d00000|100%| E|CS|TAMS 0x0000000081c00000| PB 0x0000000081c00000| Complete 
|  29|0x0000000081d00000, 0x0000000081e00000, 0x0000000081e00000|100%| E|CS|TAMS 0x0000000081d00000| PB 0x0000000081d00000| Complete 
|  30|0x0000000081e00000, 0x0000000081f00000, 0x0000000081f00000|100%| E|CS|TAMS 0x0000000081e00000| PB 0x0000000081e00000| Complete 
|  31|0x0000000081f00000, 0x0000000082000000, 0x0000000082000000|100%| E|CS|TAMS 0x0000000081f00000| PB 0x0000000081f00000| Complete 
|  32|0x0000000082000000, 0x0000000082100000, 0x0000000082100000|100%| E|CS|TAMS 0x0000000082000000| PB 0x0000000082000000| Complete 
|  33|0x0000000082100000, 0x0000000082200000, 0x0000000082200000|100%| E|CS|TAMS 0x0000000082100000| PB 0x0000000082100000| Complete 
|  34|0x0000000082200000, 0x0000000082300000, 0x0000000082300000|100%| E|CS|TAMS 0x0000000082200000| PB 0x0000000082200000| Complete 
|  35|0x0000000082300000, 0x0000000082400000, 0x0000000082400000|100%| E|CS|TAMS 0x0000000082300000| PB 0x0000000082300000| Complete 
|  36|0x0000000082400000, 0x0000000082500000, 0x0000000082500000|100%| E|CS|TAMS 0x0000000082400000| PB 0x0000000082400000| Complete 
|  37|0x0000000082500000, 0x0000000082600000, 0x0000000082600000|100%| E|CS|TAMS 0x0000000082500000| PB 0x0000000082500000| Complete 
|  38|0x0000000082600000, 0x0000000082700000, 0x0000000082700000|100%| E|CS|TAMS 0x0000000082600000| PB 0x0000000082600000| Complete 
|  39|0x0000000082700000, 0x0000000082800000, 0x0000000082800000|100%| E|CS|TAMS 0x0000000082700000| PB 0x0000000082700000| Complete 
|  40|0x0000000082800000, 0x0000000082900000, 0x0000000082900000|100%| E|CS|TAMS 0x0000000082800000| PB 0x0000000082800000| Complete 
|  41|0x0000000082900000, 0x0000000082a00000, 0x0000000082a00000|100%| E|CS|TAMS 0x0000000082900000| PB 0x0000000082900000| Complete 
|  42|0x0000000082a00000, 0x0000000082b00000, 0x0000000082b00000|100%| E|CS|TAMS 0x0000000082a00000| PB 0x0000000082a00000| Complete 
|  43|0x0000000082b00000, 0x0000000082c00000, 0x0000000082c00000|100%| E|CS|TAMS 0x0000000082b00000| PB 0x0000000082b00000| Complete 
|  44|0x0000000082c00000, 0x0000000082d00000, 0x0000000082d00000|100%| E|CS|TAMS 0x0000000082c00000| PB 0x0000000082c00000| Complete 
|  45|0x0000000082d00000, 0x0000000082e00000, 0x0000000082e00000|100%| E|CS|TAMS 0x0000000082d00000| PB 0x0000000082d00000| Complete 
|  46|0x0000000082e00000, 0x0000000082f00000, 0x0000000082f00000|100%| E|CS|TAMS 0x0000000082e00000| PB 0x0000000082e00000| Complete 
|  47|0x0000000082f00000, 0x0000000083000000, 0x0000000083000000|100%| E|CS|TAMS 0x0000000082f00000| PB 0x0000000082f00000| Complete 
|  48|0x0000000083000000, 0x0000000083100000, 0x0000000083100000|100%| E|CS|TAMS 0x0000000083000000| PB 0x0000000083000000| Complete 
|  49|0x0000000083100000, 0x0000000083200000, 0x0000000083200000|100%| E|CS|TAMS 0x0000000083100000| PB 0x0000000083100000| Complete 
|  50|0x0000000083200000, 0x0000000083300000, 0x0000000083300000|100%| E|CS|TAMS 0x0000000083200000| PB 0x0000000083200000| Complete 
|  51|0x0000000083300000, 0x0000000083400000, 0x0000000083400000|100%| E|  |TAMS 0x0000000083300000| PB 0x0000000083300000| Complete 
|  52|0x0000000083400000, 0x0000000083500000, 0x0000000083500000|100%| E|CS|TAMS 0x0000000083400000| PB 0x0000000083400000| Complete 
|  53|0x0000000083500000, 0x0000000083600000, 0x0000000083600000|100%| E|CS|TAMS 0x0000000083500000| PB 0x0000000083500000| Complete 
|  54|0x0000000083600000, 0x0000000083700000, 0x0000000083700000|100%| E|CS|TAMS 0x0000000083600000| PB 0x0000000083600000| Complete 
|  55|0x0000000083700000, 0x0000000083800000, 0x0000000083800000|100%| E|CS|TAMS 0x0000000083700000| PB 0x0000000083700000| Complete 
|  56|0x0000000083800000, 0x0000000083900000, 0x0000000083900000|100%| E|CS|TAMS 0x0000000083800000| PB 0x0000000083800000| Complete 
|  57|0x0000000083900000, 0x0000000083a00000, 0x0000000083a00000|100%| E|CS|TAMS 0x0000000083900000| PB 0x0000000083900000| Complete 
|  58|0x0000000083a00000, 0x0000000083b00000, 0x0000000083b00000|100%| E|CS|TAMS 0x0000000083a00000| PB 0x0000000083a00000| Complete 
|  59|0x0000000083b00000, 0x0000000083c00000, 0x0000000083c00000|100%| E|CS|TAMS 0x0000000083b00000| PB 0x0000000083b00000| Complete 
|  60|0x0000000083c00000, 0x0000000083d00000, 0x0000000083d00000|100%| E|CS|TAMS 0x0000000083c00000| PB 0x0000000083c00000| Complete 
|  61|0x0000000083d00000, 0x0000000083e00000, 0x0000000083e00000|100%| E|CS|TAMS 0x0000000083d00000| PB 0x0000000083d00000| Complete 
|  62|0x0000000083e00000, 0x0000000083f00000, 0x0000000083f00000|100%| E|CS|TAMS 0x0000000083e00000| PB 0x0000000083e00000| Complete 
|  63|0x0000000083f00000, 0x0000000084000000, 0x0000000084000000|100%| E|CS|TAMS 0x0000000083f00000| PB 0x0000000083f00000| Complete 
|  64|0x0000000084000000, 0x0000000084100000, 0x0000000084100000|100%| E|CS|TAMS 0x0000000084000000| PB 0x0000000084000000| Complete 
|  65|0x0000000084100000, 0x0000000084200000, 0x0000000084200000|100%| E|CS|TAMS 0x0000000084100000| PB 0x0000000084100000| Complete 
| 176|0x000000008b000000, 0x000000008b037c40, 0x000000008b100000| 21%| S|CS|TAMS 0x000000008b000000| PB 0x000000008b000000| Complete 
| 177|0x000000008b100000, 0x000000008b200000, 0x000000008b200000|100%| S|CS|TAMS 0x000000008b100000| PB 0x000000008b100000| Complete 
| 178|0x000000008b200000, 0x000000008b300000, 0x000000008b300000|100%| S|CS|TAMS 0x000000008b200000| PB 0x000000008b200000| Complete 
| 179|0x000000008b300000, 0x000000008b400000, 0x000000008b400000|100%| S|CS|TAMS 0x000000008b300000| PB 0x000000008b300000| Complete 
| 180|0x000000008b400000, 0x000000008b500000, 0x000000008b500000|100%| S|CS|TAMS 0x000000008b400000| PB 0x000000008b400000| Complete 
| 181|0x000000008b500000, 0x000000008b600000, 0x000000008b600000|100%| S|CS|TAMS 0x000000008b500000| PB 0x000000008b500000| Complete 
| 182|0x000000008b600000, 0x000000008b700000, 0x000000008b700000|100%| S|CS|TAMS 0x000000008b600000| PB 0x000000008b600000| Complete 
| 183|0x000000008b700000, 0x000000008b800000, 0x000000008b800000|100%| S|CS|TAMS 0x000000008b700000| PB 0x000000008b700000| Complete 
| 184|0x000000008b800000, 0x000000008b900000, 0x000000008b900000|100%| S|CS|TAMS 0x000000008b800000| PB 0x000000008b800000| Complete 
| 185|0x000000008b900000, 0x000000008ba00000, 0x000000008ba00000|100%| S|CS|TAMS 0x000000008b900000| PB 0x000000008b900000| Complete 
| 251|0x000000008fb00000, 0x000000008fc00000, 0x000000008fc00000|100%| E|CS|TAMS 0x000000008fb00000| PB 0x000000008fb00000| Complete 

Card table byte_map: [0x000002020f400000,0x000002020f800000] _byte_map_base: 0x000002020f000000

Marking Bits: (CMBitMap*) 0x000002027c6012d0
 Bits: [0x000002020f800000, 0x0000020211800000)

Polling page: 0x000002027a520000

Metaspace:

Usage:
  Non-class:     24.57 MB used.
      Class:      3.61 MB used.
       Both:     28.19 MB used.

Virtual space:
  Non-class space:       64.00 MB reserved,      24.88 MB ( 39%) committed,  1 nodes.
      Class space:        1.00 GB reserved,       3.88 MB ( <1%) committed,  1 nodes.
             Both:        1.06 GB reserved,      28.75 MB (  3%) committed. 

Chunk freelists:
   Non-Class:  6.77 MB
       Class:  12.16 MB
        Both:  18.92 MB

MaxMetaspaceSize: unlimited
CompressedClassSpaceSize: 1.00 GB
Initial GC threshold: 21.00 MB
Current GC threshold: 35.12 MB
CDS: off
 - commit_granule_bytes: 65536.
 - commit_granule_words: 8192.
 - virtual_space_node_default_size: 8388608.
 - enlarge_chunks_in_place: 1.
 - use_allocation_guard: 0.


Internal statistics:

num_allocs_failed_limit: 3.
num_arena_births: 812.
num_arena_deaths: 0.
num_vsnodes_births: 2.
num_vsnodes_deaths: 0.
num_space_committed: 460.
num_space_uncommitted: 0.
num_chunks_returned_to_freelist: 3.
num_chunks_taken_from_freelist: 1568.
num_chunk_merges: 3.
num_chunk_splits: 1018.
num_chunks_enlarged: 683.
num_inconsistent_stats: 0.

CodeHeap 'non-profiled nmethods': size=120000Kb used=1372Kb max_used=1372Kb free=118627Kb
 bounds [0x0000020207ad0000, 0x0000020207d40000, 0x000002020f000000]
CodeHeap 'profiled nmethods': size=120000Kb used=5734Kb max_used=5734Kb free=114265Kb
 bounds [0x0000020200000000, 0x00000202005a0000, 0x0000020207530000]
CodeHeap 'non-nmethods': size=5760Kb used=1469Kb max_used=1513Kb free=4290Kb
 bounds [0x0000020207530000, 0x00000202077a0000, 0x0000020207ad0000]
 total_blobs=3415 nmethods=2844 adapters=475
 compilation: enabled
              stopped_count=0, restarted_count=0
 full_count=0

Compilation events (20 events):
Event: 6.742 Thread 0x00000202142e3fe0 2844       3       java.lang.invoke.LambdaFormBuffer::lambdaForm (37 bytes)
Event: 6.743 Thread 0x00000202142e3fe0 nmethod 2844 0x0000020200597c90 code [0x0000020200597e80, 0x0000020200598240]
Event: 6.743 Thread 0x00000202142e3fe0 2845       3       java.lang.invoke.InvokerBytecodeGenerator::methodPrologue (29 bytes)
Event: 6.744 Thread 0x00000202142e3fe0 nmethod 2845 0x0000020200598410 code [0x00000202005985e0, 0x0000020200598910]
Event: 6.744 Thread 0x00000202142e3fe0 2846       3       java.lang.invoke.InvokerBytecodeGenerator::emitReturn (107 bytes)
Event: 6.744 Thread 0x00000202142e3fe0 nmethod 2846 0x0000020200598a90 code [0x0000020200598ca0, 0x0000020200599160]
Event: 6.758 Thread 0x00000202142e3fe0 2847       3       java.util.Collections$SingletonList::iterator (8 bytes)
Event: 6.759 Thread 0x00000202142e3fe0 nmethod 2847 0x0000020200599390 code [0x0000020200599540, 0x0000020200599818]
Event: 6.761 Thread 0x000002021bd2d8b0 nmethod 2790 0x0000020207c21890 code [0x0000020207c21c20, 0x0000020207c24408]
Event: 6.761 Thread 0x000002021bd2d8b0 2826       4       java.util.Objects::equals (23 bytes)
Event: 6.762 Thread 0x000002021bd2d8b0 nmethod 2826 0x0000020207c25810 code [0x0000020207c259a0, 0x0000020207c25a60]
Event: 6.762 Thread 0x000002021bd2d8b0 2828       4       sun.invoke.util.VerifyType::isNullConversion (157 bytes)
Event: 7.770 Thread 0x000002021bd2d8b0 nmethod 2828 0x0000020207c25b10 code [0x0000020207c25d40, 0x0000020207c261a0]
Event: 7.770 Thread 0x000002021bd2d8b0 2849       4       java.util.concurrent.locks.AbstractQueuedSynchronizer::release (19 bytes)
Event: 7.774 Thread 0x000002021bd2d8b0 nmethod 2849 0x0000020207c26610 code [0x0000020207c267c0, 0x0000020207c269d0]
Event: 7.774 Thread 0x000002021bd2d8b0 2848       4       java.util.concurrent.locks.ReentrantLock::unlock (10 bytes)
Event: 7.776 Thread 0x000002021bd2d8b0 nmethod 2848 0x0000020207c26b90 code [0x0000020207c26d40, 0x0000020207c26f20]
Event: 7.776 Thread 0x000002021bd2d8b0 2841       4       jdk.internal.org.objectweb.asm.Frame::pop (46 bytes)
Event: 7.776 Thread 0x000002021bd2d8b0 nmethod 2841 0x0000020207c27090 code [0x0000020207c27220, 0x0000020207c272d8]
Event: 7.776 Thread 0x000002021bd2d8b0 2783   !   4       java.lang.ClassLoader::loadClass (121 bytes)

GC Heap History (6 events):
Event: 0.718 GC heap before
{Heap before GC invocations=0 (full 0):
 garbage-first heap   total 258048K, used 26624K [0x0000000080000000, 0x0000000100000000)
  region size 1024K, 23 young (23552K), 0 survivors (0K)
 Metaspace       used 8145K, committed 8320K, reserved 1114112K
  class space    used 741K, committed 832K, reserved 1048576K
}
Event: 0.722 GC heap after
{Heap after GC invocations=1 (full 0):
 garbage-first heap   total 258048K, used 10293K [0x0000000080000000, 0x0000000100000000)
  region size 1024K, 3 young (3072K), 3 survivors (3072K)
 Metaspace       used 8145K, committed 8320K, reserved 1114112K
  class space    used 741K, committed 832K, reserved 1048576K
}
Event: 1.640 GC heap before
{Heap before GC invocations=1 (full 0):
 garbage-first heap   total 258048K, used 39989K [0x0000000080000000, 0x0000000100000000)
  region size 1024K, 33 young (33792K), 3 survivors (3072K)
 Metaspace       used 12005K, committed 12224K, reserved 1114112K
  class space    used 1280K, committed 1408K, reserved 1048576K
}
Event: 1.644 GC heap after
{Heap after GC invocations=2 (full 0):
 garbage-first heap   total 258048K, used 11924K [0x0000000080000000, 0x0000000100000000)
  region size 1024K, 2 young (2048K), 2 survivors (2048K)
 Metaspace       used 12005K, committed 12224K, reserved 1114112K
  class space    used 1280K, committed 1408K, reserved 1048576K
}
Event: 4.575 GC heap before
{Heap before GC invocations=2 (full 0):
 garbage-first heap   total 258048K, used 78484K [0x0000000080000000, 0x0000000100000000)
  region size 1024K, 66 young (67584K), 2 survivors (2048K)
 Metaspace       used 21208K, committed 21504K, reserved 1114112K
  class space    used 2468K, committed 2624K, reserved 1048576K
}
Event: 4.588 GC heap after
{Heap after GC invocations=3 (full 0):
 garbage-first heap   total 258048K, used 20865K [0x0000000080000000, 0x0000000100000000)
  region size 1024K, 10 young (10240K), 10 survivors (10240K)
 Metaspace       used 21208K, committed 21504K, reserved 1114112K
  class space    used 2468K, committed 2624K, reserved 1048576K
}

Dll operation events (3 events):
Event: 0.066 Loaded shared library C:\Program Files\Android\Android Studio\jbr\bin\java.dll
Event: 0.075 Loaded shared library C:\Program Files\Android\Android Studio\jbr\bin\zip.dll
Event: 0.703 Loaded shared library C:\Program Files\Android\Android Studio\jbr\bin\verify.dll

Deoptimization events (20 events):
Event: 5.874 Thread 0x000002021a352100 DEOPT PACKING pc=0x0000020207af3230 sp=0x00000010c3ffbc80
Event: 5.874 Thread 0x000002021a352100 DEOPT UNPACKING pc=0x00000202075846a2 sp=0x00000010c3ffbc18 mode 2
Event: 5.897 Thread 0x000002021a352100 Uncommon trap: trap_request=0xffffff45 fr.pc=0x0000020207b60698 relative=0x0000000000000638
Event: 5.897 Thread 0x000002021a352100 Uncommon trap: reason=unstable_if action=reinterpret pc=0x0000020207b60698 method=java.io.File.getName()Ljava/lang/String; @ 16 c2
Event: 5.897 Thread 0x000002021a352100 DEOPT PACKING pc=0x0000020207b60698 sp=0x00000010c3ffbc40
Event: 5.897 Thread 0x000002021a352100 DEOPT UNPACKING pc=0x00000202075846a2 sp=0x00000010c3ffbc10 mode 2
Event: 6.054 Thread 0x000002021a352100 Uncommon trap: trap_request=0xffffff45 fr.pc=0x0000020207af6490 relative=0x00000000000000f0
Event: 6.054 Thread 0x000002021a352100 Uncommon trap: reason=unstable_if action=reinterpret pc=0x0000020207af6490 method=java.util.HashMap.hash(Ljava/lang/Object;)I @ 1 c2
Event: 6.054 Thread 0x000002021a352100 DEOPT PACKING pc=0x0000020207af6490 sp=0x00000010c3ffca60
Event: 6.054 Thread 0x000002021a352100 DEOPT UNPACKING pc=0x00000202075846a2 sp=0x00000010c3ffc9a0 mode 2
Event: 6.189 Thread 0x000002021a352100 DEOPT PACKING pc=0x00000202004f3169 sp=0x00000010c3ffbed0
Event: 6.189 Thread 0x000002021a352100 DEOPT UNPACKING pc=0x0000020207584e42 sp=0x00000010c3ffb3e0 mode 0
Event: 6.435 Thread 0x000002021a352100 DEOPT PACKING pc=0x00000202004f318a sp=0x00000010c3ffbc20
Event: 6.435 Thread 0x000002021a352100 DEOPT UNPACKING pc=0x0000020207584e42 sp=0x00000010c3ffb130 mode 0
Event: 6.522 Thread 0x000002021a352100 DEOPT PACKING pc=0x00000202004f318a sp=0x00000010c3ffc3b0
Event: 6.522 Thread 0x000002021a352100 DEOPT UNPACKING pc=0x0000020207584e42 sp=0x00000010c3ffb8c0 mode 0
Event: 6.523 Thread 0x000002021a352100 DEOPT PACKING pc=0x0000020200571e00 sp=0x00000010c3ffc2e0
Event: 6.523 Thread 0x000002021a352100 DEOPT UNPACKING pc=0x0000020207584e42 sp=0x00000010c3ffb8c0 mode 0
Event: 6.569 Thread 0x000002021a352100 DEOPT PACKING pc=0x00000202004f318a sp=0x00000010c3ffbf30
Event: 6.569 Thread 0x000002021a352100 DEOPT UNPACKING pc=0x0000020207584e42 sp=0x00000010c3ffb440 mode 0

Classes loaded (20 events):
Event: 6.204 Loading class java/util/Collections$2
Event: 6.204 Loading class java/util/Collections$2 done
Event: 6.405 Loading class java/util/function/LongFunction
Event: 6.405 Loading class java/util/function/LongFunction done
Event: 6.497 Loading class java/security/InvalidKeyException
Event: 6.497 Loading class java/security/KeyException
Event: 6.497 Loading class java/security/KeyException done
Event: 6.497 Loading class java/security/InvalidKeyException done
Event: 6.675 Loading class java/util/regex/Pattern$Dollar
Event: 6.675 Loading class java/util/regex/Pattern$Dollar done
Event: 6.686 Loading class java/io/ObjectInputStream
Event: 6.687 Loading class java/io/ObjectInput
Event: 6.689 Loading class java/io/ObjectInput done
Event: 6.689 Loading class java/io/ObjectStreamConstants
Event: 6.690 Loading class java/io/ObjectStreamConstants done
Event: 6.690 Loading class java/io/ObjectInputStream done
Event: 6.692 Loading class java/io/ObjectOutputStream
Event: 6.692 Loading class java/io/ObjectOutput
Event: 6.692 Loading class java/io/ObjectOutput done
Event: 6.692 Loading class java/io/ObjectOutputStream done

Classes unloaded (0 events):
No events

Classes redefined (0 events):
No events

Internal exceptions (20 events):
Event: 6.054 Thread 0x000002021a352100 Implicit null exception at 0x0000020207af63e6 to 0x0000020207af6486
Event: 6.073 Thread 0x000002021a352100 Exception <a 'java/lang/NoSuchMethodError'{0x000000008294b920}: 'int java.lang.invoke.DirectMethodHandle$Holder.invokeStatic(java.lang.Object, java.lang.Object, java.lang.Object, java.lang.Object)'> (0x000000008294b920) 
thrown [s\src\hotspot\share\interpreter\linkResolver.cpp, line 784]
Event: 6.119 Thread 0x000002021a352100 Exception <a 'java/lang/NoSuchMethodError'{0x0000000082720d58}: 'java.lang.Object java.lang.invoke.DelegatingMethodHandle$Holder.reinvoke_L(java.lang.Object, java.lang.Object, java.lang.Object, java.lang.Object, java.lang.Object, java.lang.Object, java.lang.Object, java.lang.Object, java.lang.Object, java.lang.Object, java.lang.Object, java.lang.Object, java.lang.Object, java.lang.Object, java.lang.Object, java.lang.Object, java.lang.Object, java.lang.Object, java.lang.Object, java.lang.Object, java.lang.O
Event: 6.123 Thread 0x000002021a352100 Exception <a 'java/lang/NoSuchMethodError'{0x000000008278d710}: 'java.lang.Object java.lang.invoke.DirectMethodHandle$Holder.invokeStatic(java.lang.Object, java.lang.Object, java.lang.Object, java.lang.Object, java.lang.Object, java.lang.Object, java.lang.Object, java.lang.Object, java.lang.Object, java.lang.Object, java.lang.Object, java.lang.Object, java.lang.Object, java.lang.Object, java.lang.Object, java.lang.Object, java.lang.Object)'> (0x000000008278d710) 
thrown [s\src\hotspot\share\interpreter\lin
Event: 6.125 Thread 0x000002021a352100 Exception <a 'java/lang/NoSuchMethodError'{0x00000000827b5ef0}: 'java.lang.Object java.lang.invoke.DirectMethodHandle$Holder.invokeStatic(java.lang.Object, java.lang.Object, java.lang.Object, java.lang.Object, java.lang.Object, java.lang.Object, java.lang.Object, java.lang.Object, java.lang.Object, java.lang.Object, java.lang.Object, java.lang.Object, java.lang.Object, java.lang.Object, java.lang.Object, java.lang.Object, java.lang.Object, java.lang.Object)'> (0x00000000827b5ef0) 
thrown [s\src\hotspot\sha
Event: 6.126 Thread 0x000002021a352100 Exception <a 'java/lang/NoSuchMethodError'{0x00000000827df9a0}: 'java.lang.Object java.lang.invoke.DirectMethodHandle$Holder.invokeStatic(java.lang.Object, java.lang.Object, java.lang.Object, java.lang.Object, java.lang.Object, java.lang.Object, java.lang.Object, java.lang.Object, java.lang.Object, java.lang.Object, java.lang.Object, java.lang.Object, java.lang.Object, java.lang.Object, java.lang.Object, java.lang.Object, java.lang.Object, java.lang.Object, java.lang.Object)'> (0x00000000827df9a0) 
thrown 
Event: 6.128 Thread 0x000002021a352100 Exception <a 'java/lang/NoSuchMethodError'{0x000000008260b180}: 'java.lang.Object java.lang.invoke.DirectMethodHandle$Holder.invokeStatic(java.lang.Object, java.lang.Object, java.lang.Object, java.lang.Object, java.lang.Object, java.lang.Object, java.lang.Object, java.lang.Object, java.lang.Object, java.lang.Object, java.lang.Object, java.lang.Object, java.lang.Object, java.lang.Object, java.lang.Object, java.lang.Object, java.lang.Object, java.lang.Object, java.lang.Object, java.lang.Object)'> (0x00000000
Event: 6.131 Thread 0x000002021a352100 Exception <a 'java/lang/NoSuchMethodError'{0x0000000082637278}: 'java.lang.Object java.lang.invoke.DirectMethodHandle$Holder.invokeStatic(java.lang.Object, java.lang.Object, java.lang.Object, java.lang.Object, java.lang.Object, java.lang.Object, java.lang.Object, java.lang.Object, java.lang.Object, java.lang.Object, java.lang.Object, java.lang.Object, java.lang.Object, java.lang.Object, java.lang.Object, java.lang.Object, java.lang.Object, java.lang.Object, java.lang.Object, java.lang.Object, java.lang.Obj
Event: 6.133 Thread 0x000002021a352100 Exception <a 'java/lang/NoSuchMethodError'{0x0000000082664408}: 'java.lang.Object java.lang.invoke.DirectMethodHandle$Holder.invokeStatic(java.lang.Object, java.lang.Object, java.lang.Object, java.lang.Object, java.lang.Object, java.lang.Object, java.lang.Object, java.lang.Object, java.lang.Object, java.lang.Object, java.lang.Object, java.lang.Object, java.lang.Object, java.lang.Object, java.lang.Object, java.lang.Object, java.lang.Object, java.lang.Object, java.lang.Object, java.lang.Object, java.lang.Obj
Event: 6.135 Thread 0x000002021a352100 Exception <a 'java/lang/NoSuchMethodError'{0x0000000082692348}: 'java.lang.Object java.lang.invoke.DirectMethodHandle$Holder.invokeStatic(java.lang.Object, java.lang.Object, java.lang.Object, java.lang.Object, java.lang.Object, java.lang.Object, java.lang.Object, java.lang.Object, java.lang.Object, java.lang.Object, java.lang.Object, java.lang.Object, java.lang.Object, java.lang.Object, java.lang.Object, java.lang.Object, java.lang.Object, java.lang.Object, java.lang.Object, java.lang.Object, java.lang.Obj
Event: 6.137 Thread 0x000002021a352100 Exception <a 'java/lang/NoSuchMethodError'{0x00000000826c0f28}: 'java.lang.Object java.lang.invoke.DirectMethodHandle$Holder.invokeStatic(java.lang.Object, java.lang.Object, java.lang.Object, java.lang.Object, java.lang.Object, java.lang.Object, java.lang.Object, java.lang.Object, java.lang.Object, java.lang.Object, java.lang.Object, java.lang.Object, java.lang.Object, java.lang.Object, java.lang.Object, java.lang.Object, java.lang.Object, java.lang.Object, java.lang.Object, java.lang.Object, java.lang.Obj
Event: 6.139 Thread 0x000002021a352100 Exception <a 'java/lang/NoSuchMethodError'{0x00000000826f06c0}: 'java.lang.Object java.lang.invoke.DirectMethodHandle$Holder.invokeStatic(java.lang.Object, java.lang.Object, java.lang.Object, java.lang.Object, java.lang.Object, java.lang.Object, java.lang.Object, java.lang.Object, java.lang.Object, java.lang.Object, java.lang.Object, java.lang.Object, java.lang.Object, java.lang.Object, java.lang.Object, java.lang.Object, java.lang.Object, java.lang.Object, java.lang.Object, java.lang.Object, java.lang.Obj
Event: 6.141 Thread 0x000002021a352100 Exception <a 'java/lang/NoSuchMethodError'{0x0000000082522038}: 'java.lang.Object java.lang.invoke.DirectMethodHandle$Holder.invokeStatic(java.lang.Object, java.lang.Object, java.lang.Object, java.lang.Object, java.lang.Object, java.lang.Object, java.lang.Object, java.lang.Object, java.lang.Object, java.lang.Object, java.lang.Object, java.lang.Object, java.lang.Object, java.lang.Object, java.lang.Object, java.lang.Object, java.lang.Object, java.lang.Object, java.lang.Object, java.lang.Object, java.lang.Obj
Event: 6.185 Thread 0x000002021a352100 Exception <a 'java/lang/IncompatibleClassChangeError'{0x000000008241a1c0}: Found class java.lang.Object, but interface was expected> (0x000000008241a1c0) 
thrown [s\src\hotspot\share\interpreter\linkResolver.cpp, line 851]
Event: 6.657 Thread 0x000002021a352100 Exception <a 'java/lang/IncompatibleClassChangeError'{0x0000000081a0ea68}: Found class java.lang.Object, but interface was expected> (0x0000000081a0ea68) 
thrown [s\src\hotspot\share\interpreter\linkResolver.cpp, line 851]
Event: 6.667 Thread 0x000002021a352100 Exception <a 'java/lang/NoSuchMethodError'{0x0000000081a3f620}: 'java.lang.Object java.lang.invoke.DirectMethodHandle$Holder.newInvokeSpecial(java.lang.Object, java.lang.Object, java.lang.Object, java.lang.Object, java.lang.Object, java.lang.Object, java.lang.Object, java.lang.Object, java.lang.Object, java.lang.Object, java.lang.Object, java.lang.Object, java.lang.Object)'> (0x0000000081a3f620) 
thrown [s\src\hotspot\share\interpreter\linkResolver.cpp, line 784]
Event: 6.667 Thread 0x000002021a352100 Exception <a 'java/lang/NoSuchMethodError'{0x0000000081a44ad0}: 'java.lang.Object java.lang.invoke.DirectMethodHandle$Holder.invokeSpecial(java.lang.Object, java.lang.Object, java.lang.Object, java.lang.Object, java.lang.Object, java.lang.Object, java.lang.Object, java.lang.Object, java.lang.Object, java.lang.Object, java.lang.Object, java.lang.Object, java.lang.Object, java.lang.Object)'> (0x0000000081a44ad0) 
thrown [s\src\hotspot\share\interpreter\linkResolver.cpp, line 784]
Event: 6.668 Thread 0x000002021a352100 Exception <a 'java/lang/NoSuchMethodError'{0x0000000081a492b0}: 'java.lang.Object java.lang.invoke.DelegatingMethodHandle$Holder.reinvoke_L(java.lang.Object, java.lang.Object, java.lang.Object, java.lang.Object, java.lang.Object, java.lang.Object, java.lang.Object, java.lang.Object, java.lang.Object, java.lang.Object, java.lang.Object, java.lang.Object, java.lang.Object)'> (0x0000000081a492b0) 
thrown [s\src\hotspot\share\interpreter\linkResolver.cpp, line 784]
Event: 6.703 Thread 0x000002021a352100 Exception <a 'java/lang/NoSuchMethodError'{0x00000000819683d0}: 'java.lang.Object java.lang.invoke.DirectMethodHandle$Holder.newInvokeSpecial(java.lang.Object, java.lang.Object, java.lang.Object, java.lang.Object, java.lang.Object, java.lang.Object, java.lang.Object, java.lang.Object)'> (0x00000000819683d0) 
thrown [s\src\hotspot\share\interpreter\linkResolver.cpp, line 784]
Event: 6.712 Thread 0x000002021a352100 Exception <a 'java/lang/NoSuchMethodError'{0x00000000819bc4e0}: 'int java.lang.invoke.DirectMethodHandle$Holder.invokeStaticInit(java.lang.Object, java.lang.Object, java.lang.Object)'> (0x00000000819bc4e0) 
thrown [s\src\hotspot\share\interpreter\linkResolver.cpp, line 784]

ZGC Phase Switch (0 events):
No events

VM Operations (20 events):
Event: 4.028 Executing VM operation: HandshakeAllThreads (Deoptimize)
Event: 4.028 Executing VM operation: HandshakeAllThreads (Deoptimize) done
Event: 4.106 Executing VM operation: HandshakeAllThreads (Deoptimize)
Event: 4.106 Executing VM operation: HandshakeAllThreads (Deoptimize) done
Event: 4.575 Executing VM operation: CollectForMetadataAllocation (Metadata GC Threshold)
Event: 4.589 Executing VM operation: CollectForMetadataAllocation (Metadata GC Threshold) done
Event: 4.597 Executing VM operation: G1PauseRemark
Event: 4.601 Executing VM operation: G1PauseRemark done
Event: 4.602 Executing VM operation: G1PauseCleanup
Event: 4.606 Executing VM operation: G1PauseCleanup done
Event: 5.619 Executing VM operation: HandshakeAllThreads (Deoptimize)
Event: 5.619 Executing VM operation: HandshakeAllThreads (Deoptimize) done
Event: 5.619 Executing VM operation: Cleanup
Event: 5.619 Executing VM operation: Cleanup done
Event: 6.170 Executing VM operation: HandshakeAllThreads (Deoptimize)
Event: 6.171 Executing VM operation: HandshakeAllThreads (Deoptimize) done
Event: 6.171 Executing VM operation: HandshakeAllThreads (Deoptimize)
Event: 6.171 Executing VM operation: HandshakeAllThreads (Deoptimize) done
Event: 7.186 Executing VM operation: Cleanup
Event: 7.186 Executing VM operation: Cleanup done

Events (20 events):
Event: 3.408 Loaded shared library C:\Program Files\Android\Android Studio\jbr\bin\management_ext.dll
Event: 3.492 Thread 0x000002021a1be610 Thread added: 0x000002021a1be610
Event: 3.861 Thread 0x00000202198f2930 Thread exited: 0x00000202198f2930
Event: 3.899 Loaded shared library C:\Program Files\Android\Android Studio\jbr\bin\extnet.dll
Event: 3.977 Thread 0x000002021a1ec540 Thread added: 0x000002021a1ec540
Event: 4.075 Thread 0x000002021a2b4320 Thread added: 0x000002021a2b4320
Event: 4.173 Thread 0x000002021a282100 Thread added: 0x000002021a282100
Event: 4.177 Thread 0x000002021a27f190 Thread added: 0x000002021a27f190
Event: 4.292 Thread 0x000002021a342970 Thread added: 0x000002021a342970
Event: 4.330 Thread 0x000002021a352100 Thread added: 0x000002021a352100
Event: 4.372 Thread 0x000002021a354ef0 Thread added: 0x000002021a354ef0
Event: 4.392 Thread 0x000002021a354860 Thread added: 0x000002021a354860
Event: 4.405 Thread 0x000002021a3541d0 Thread added: 0x000002021a3541d0
Event: 5.301 Thread 0x000002021a5b6d60 Thread added: 0x000002021a5b6d60
Event: 5.429 Thread 0x000002021a5b6d60 Thread exited: 0x000002021a5b6d60
Event: 5.619 Thread 0x000002021a355580 Thread added: 0x000002021a355580
Event: 5.649 Thread 0x000002021a352e20 Thread added: 0x000002021a352e20
Event: 5.790 Thread 0x000002021a352790 Thread added: 0x000002021a352790
Event: 6.122 Thread 0x000002021a669cf0 Thread added: 0x000002021a669cf0
Event: 6.699 Thread 0x000002021bd2d8b0 Thread added: 0x000002021bd2d8b0


Dynamic libraries:
0x00007ff641d70000 - 0x00007ff641d7a000 	C:\Program Files\Android\Android Studio\jbr\bin\java.exe
0x00007ffedde40000 - 0x00007ffede0a8000 	C:\Windows\SYSTEM32\ntdll.dll
0x00007ffedd120000 - 0x00007ffedd1e9000 	C:\Windows\System32\KERNEL32.DLL
0x00007ffedb270000 - 0x00007ffedb668000 	C:\Windows\System32\KERNELBASE.dll
0x00007ffedb670000 - 0x00007ffedb7bb000 	C:\Windows\System32\ucrtbase.dll
0x00007ffeb27e0000 - 0x00007ffeb27fb000 	C:\Program Files\Android\Android Studio\jbr\bin\VCRUNTIME140.dll
0x00007ffeb9b50000 - 0x00007ffeb9b68000 	C:\Program Files\Android\Android Studio\jbr\bin\jli.dll
0x00007ffedd740000 - 0x00007ffedd907000 	C:\Windows\System32\USER32.dll
0x00007ffedb0d0000 - 0x00007ffedb0f7000 	C:\Windows\System32\win32u.dll
0x00007ffec17b0000 - 0x00007ffec1a44000 	C:\Windows\WinSxS\amd64_microsoft.windows.common-controls_6595b64144ccf1df_6.0.26100.7019_none_3e06ffa0e335b8a8\COMCTL32.dll
0x00007ffedcec0000 - 0x00007ffedceeb000 	C:\Windows\System32\GDI32.dll
0x00007ffedcd70000 - 0x00007ffedce19000 	C:\Windows\System32\msvcrt.dll
0x00007ffedbab0000 - 0x00007ffedbbdc000 	C:\Windows\System32\gdi32full.dll
0x00007ffedb020000 - 0x00007ffedb0c3000 	C:\Windows\System32\msvcp_win.dll
0x00007ffedd480000 - 0x00007ffedd4b1000 	C:\Windows\System32\IMM32.DLL
0x00007ffebf220000 - 0x00007ffebf22c000 	C:\Program Files\Android\Android Studio\jbr\bin\vcruntime140_1.dll
0x00007ffeb11d0000 - 0x00007ffeb125d000 	C:\Program Files\Android\Android Studio\jbr\bin\msvcp140.dll
0x00007ffe0c3d0000 - 0x00007ffe0d04d000 	C:\Program Files\Android\Android Studio\jbr\bin\server\jvm.dll
0x00007ffedd2d0000 - 0x00007ffedd384000 	C:\Windows\System32\ADVAPI32.dll
0x00007ffedcef0000 - 0x00007ffedcf96000 	C:\Windows\System32\sechost.dll
0x00007ffedbbe0000 - 0x00007ffedbcf8000 	C:\Windows\System32\RPCRT4.dll
0x00007ffedce20000 - 0x00007ffedce94000 	C:\Windows\System32\WS2_32.dll
0x00007ffedadf0000 - 0x00007ffedae4e000 	C:\Windows\SYSTEM32\POWRPROF.dll
0x00007ffed7750000 - 0x00007ffed7785000 	C:\Windows\SYSTEM32\WINMM.dll
0x00007ffec8df0000 - 0x00007ffec8dfb000 	C:\Windows\SYSTEM32\VERSION.dll
0x00007ffedadd0000 - 0x00007ffedade4000 	C:\Windows\SYSTEM32\UMPDC.dll
0x00007ffed9d50000 - 0x00007ffed9d6b000 	C:\Windows\SYSTEM32\kernel.appcore.dll
0x00007ffebe770000 - 0x00007ffebe77a000 	C:\Program Files\Android\Android Studio\jbr\bin\jimage.dll
0x00007ffed8600000 - 0x00007ffed8842000 	C:\Windows\SYSTEM32\DBGHELP.DLL
0x00007ffedd9b0000 - 0x00007ffeddd3b000 	C:\Windows\System32\combase.dll
0x00007ffedd3a0000 - 0x00007ffedd477000 	C:\Windows\System32\OLEAUT32.dll
0x00007ffec8af0000 - 0x00007ffec8b2c000 	C:\Windows\SYSTEM32\dbgcore.DLL
0x00007ffedb100000 - 0x00007ffedb1a5000 	C:\Windows\System32\bcryptPrimitives.dll
0x00007ffec9c80000 - 0x00007ffec9c8e000 	C:\Program Files\Android\Android Studio\jbr\bin\instrument.dll
0x00007ffeb25e0000 - 0x00007ffeb25ff000 	C:\Program Files\Android\Android Studio\jbr\bin\java.dll
0x00007ffeb12c0000 - 0x00007ffeb12d8000 	C:\Program Files\Android\Android Studio\jbr\bin\zip.dll
0x00007ffedbea0000 - 0x00007ffedc5f1000 	C:\Windows\System32\SHELL32.dll
0x00007ffedb7c0000 - 0x00007ffedb92b000 	C:\Windows\System32\wintypes.dll
0x00007ffed8b90000 - 0x00007ffed93ed000 	C:\Windows\SYSTEM32\windows.storage.dll
0x00007ffedd540000 - 0x00007ffedd632000 	C:\Windows\System32\SHCORE.dll
0x00007ffedc690000 - 0x00007ffedc6f7000 	C:\Windows\System32\shlwapi.dll
0x00007ffedaeb0000 - 0x00007ffedaed9000 	C:\Windows\SYSTEM32\profapi.dll
0x00007ffebe1b0000 - 0x00007ffebe1c0000 	C:\Program Files\Android\Android Studio\jbr\bin\net.dll
0x00007ffed1950000 - 0x00007ffed1a78000 	C:\Windows\SYSTEM32\WINHTTP.dll
0x00007ffeda2c0000 - 0x00007ffeda32b000 	C:\Windows\system32\mswsock.dll
0x00007ffeb0e80000 - 0x00007ffeb0e96000 	C:\Program Files\Android\Android Studio\jbr\bin\nio.dll
0x00007ffed73a0000 - 0x00007ffed73b0000 	C:\Program Files\Android\Android Studio\jbr\bin\verify.dll
0x00007ffec9c30000 - 0x00007ffec9c57000 	C:\Users\DELL\.gradle\native\c067742578af261105cb4f569cf0c3c89f3d7b1fecec35dd04571415982c5e48\windows-amd64\native-platform.dll
0x00007ffe850e0000 - 0x00007ffe85224000 	C:\Users\DELL\.gradle\native\100fb08df4bc3b14c8652ba06237920a3bd2aa13389f12d3474272988ae205f9\windows-amd64\native-platform-file-events.dll
0x00007ffeb6980000 - 0x00007ffeb6989000 	C:\Program Files\Android\Android Studio\jbr\bin\management.dll
0x00007ffeb4500000 - 0x00007ffeb450b000 	C:\Program Files\Android\Android Studio\jbr\bin\management_ext.dll
0x00007ffedd910000 - 0x00007ffedd918000 	C:\Windows\System32\PSAPI.DLL
0x00007ffeda590000 - 0x00007ffeda5ab000 	C:\Windows\SYSTEM32\CRYPTSP.dll
0x00007ffed9cb0000 - 0x00007ffed9cea000 	C:\Windows\system32\rsaenh.dll
0x00007ffeda370000 - 0x00007ffeda39b000 	C:\Windows\SYSTEM32\USERENV.dll
0x00007ffedae80000 - 0x00007ffedaeaa000 	C:\Windows\SYSTEM32\bcrypt.dll
0x00007ffeda580000 - 0x00007ffeda58c000 	C:\Windows\SYSTEM32\CRYPTBASE.dll
0x00007ffed9890000 - 0x00007ffed98c4000 	C:\Windows\SYSTEM32\IPHLPAPI.DLL
0x00007ffedd920000 - 0x00007ffedd92a000 	C:\Windows\System32\NSI.dll
0x00007ffeb6a40000 - 0x00007ffeb6a49000 	C:\Program Files\Android\Android Studio\jbr\bin\extnet.dll
0x00007ffeb45e0000 - 0x00007ffeb45e8000 	C:\Windows\system32\wshunix.dll

dbghelp: loaded successfully - version: 4.0.5 - missing functions: none
symbol engine: initialized successfully - sym options: 0x614 - pdb path: .;C:\Program Files\Android\Android Studio\jbr\bin;C:\Windows\SYSTEM32;C:\Windows\WinSxS\amd64_microsoft.windows.common-controls_6595b64144ccf1df_6.0.26100.7019_none_3e06ffa0e335b8a8;C:\Program Files\Android\Android Studio\jbr\bin\server;C:\Users\DELL\.gradle\native\c067742578af261105cb4f569cf0c3c89f3d7b1fecec35dd04571415982c5e48\windows-amd64;C:\Users\DELL\.gradle\native\100fb08df4bc3b14c8652ba06237920a3bd2aa13389f12d3474272988ae205f9\windows-amd64

VM Arguments:
jvm_args: --add-opens=java.base/java.util=ALL-UNNAMED --add-opens=java.base/java.lang=ALL-UNNAMED --add-opens=java.base/java.lang.invoke=ALL-UNNAMED --add-opens=java.prefs/java.util.prefs=ALL-UNNAMED --add-exports=jdk.compiler/com.sun.tools.javac.api=ALL-UNNAMED --add-exports=jdk.compiler/com.sun.tools.javac.util=ALL-UNNAMED --add-opens=java.base/java.nio.charset=ALL-UNNAMED --add-opens=java.base/java.net=ALL-UNNAMED --add-opens=java.base/java.util.concurrent.atomic=ALL-UNNAMED -Xmx2048m -Dfile.encoding=UTF-8 -Duser.country=IN -Duser.language=en -Duser.variant -javaagent:C:\Users\DELL\.gradle\wrapper\dists\gradle-8.9-bin\90cnw93cvbtalezasaz0blq0a\gradle-8.9\lib\agents\gradle-instrumentation-agent-8.9.jar 
java_command: org.gradle.launcher.daemon.bootstrap.GradleDaemon 8.9
java_class_path (initial): C:\Users\DELL\.gradle\wrapper\dists\gradle-8.9-bin\90cnw93cvbtalezasaz0blq0a\gradle-8.9\lib\gradle-daemon-main-8.9.jar
Launcher Type: SUN_STANDARD

[Global flags]
     intx CICompilerCount                          = 4                                         {product} {ergonomic}
     uint ConcGCThreads                            = 3                                         {product} {ergonomic}
     uint G1ConcRefinementThreads                  = 10                                        {product} {ergonomic}
   size_t G1HeapRegionSize                         = 1048576                                   {product} {ergonomic}
    uintx GCDrainStackTargetSize                   = 64                                        {product} {ergonomic}
   size_t InitialHeapSize                          = 264241152                                 {product} {ergonomic}
   size_t MarkStackSize                            = 4194304                                   {product} {ergonomic}
   size_t MaxHeapSize                              = 2147483648                                {product} {command line}
   size_t MaxNewSize                               = 1287651328                                {product} {ergonomic}
   size_t MinHeapDeltaBytes                        = 1048576                                   {product} {ergonomic}
   size_t MinHeapSize                              = 8388608                                   {product} {ergonomic}
    uintx NonNMethodCodeHeapSize                   = 5839372                                {pd product} {ergonomic}
    uintx NonProfiledCodeHeapSize                  = 122909434                              {pd product} {ergonomic}
    uintx ProfiledCodeHeapSize                     = 122909434                              {pd product} {ergonomic}
    uintx ReservedCodeCacheSize                    = 251658240                              {pd product} {ergonomic}
     bool SegmentedCodeCache                       = true                                      {product} {ergonomic}
   size_t SoftMaxHeapSize                          = 2147483648                             {manageable} {ergonomic}
     bool UseCompressedOops                        = true                           {product lp64_product} {ergonomic}
     bool UseG1GC                                  = true                                      {product} {ergonomic}
     bool UseLargePagesIndividualAllocation        = false                                  {pd product} {ergonomic}

Logging:
Log output configuration:
 #0: stdout all=warning uptime,level,tags foldmultilines=false
 #1: stderr all=off uptime,level,tags foldmultilines=false

Environment Variables:
JAVA_HOME=C:\Program Files\Microsoft\jdk-17.0.14.7-hotspot\
PATH=C:\Python312\Scripts\;C:\Python312\;C:\Program Files\Microsoft\jdk-17.0.14.7-hotspot\bin;C:\Windows\system32;C:\Windows;C:\Windows\System32\Wbem;C:\Windows\System32\WindowsPowerShell\v1.0\;C:\Windows\System32\OpenSSH\;C:\Program Files\dotnet\;C:\ProgramData\chocolatey\bin;C:\Users\DELL\AppData\Local\Android\Sdk\platform-tools;C:\Users\DELL\AppData\Local\Android\Sdk\platform-tools;C:\Program Files\nodejs\;C:\Program Files\Git\cmd;C:\Users\DELL\AppData\Local\Android\Sdk\tools;C:\Users\DELL\AppData\Local\Android\Sdk\tools;C:\Users\DELL\AppData\Local\Microsoft\WindowsApps;C:\Users\DELL\AppData\Local\Programs\Microsoft VS Code\bin;C:\Users\DELL\AppData\Local\Android\Sdk\platform-tools;C:\Users\DELL\AppData\Local\Android\Sdk\platform-tools;C:\Users\DELL\AppData\Roaming\npm;C:\Users\DELL\AppData\Local\Programs\cursor\resources\app\bin
USERNAME=DELL
OS=Windows_NT
PROCESSOR_IDENTIFIER=Intel64 Family 6 Model 186 Stepping 3, GenuineIntel
TMP=C:\Users\DELL\AppData\Local\Temp
TEMP=C:\Users\DELL\AppData\Local\Temp




Periodic native trim disabled

JNI global refs:
JNI global refs: 23, weak refs: 0

JNI global refs memory usage: 835, weak refs: 201

Process memory usage:
Resident Set Size: 214908K (1% of 16454352K total physical memory with 1883360K free physical memory)

OOME stack traces (most recent first):
Classloader memory used:
Loader bootstrap                                                                       : 16355K
Loader org.gradle.internal.classloader.VisitableURLClassLoader                         : 10848K
Loader org.gradle.initialization.MixInLegacyTypesClassLoader                           : 1324K
Loader jdk.internal.loader.ClassLoaders$AppClassLoader                                 : 230K
Loader jdk.internal.loader.ClassLoaders$PlatformClassLoader                            : 134K

Classes loaded by more than one classloader:
Class org.gradle.internal.classloader.FilteringClassLoader                            : loaded 2 times (x 102B)
Class org.gradle.internal.classloader.ClassLoaderHierarchy                            : loaded 2 times (x 67B)
Class org.gradle.api.internal.classpath.ManifestUtil                                  : loaded 2 times (x 68B)
Class org.gradle.internal.classloader.DefaultClassLoaderFactory                       : loaded 2 times (x 79B)
Class org.gradle.internal.classloader.ClassLoaderVisitor                              : loaded 2 times (x 73B)
Class org.gradle.api.internal.classpath.EffectiveClassPath                            : loaded 2 times (x 87B)
Class org.gradle.api.internal.DefaultClassPathProvider                                : loaded 2 times (x 73B)
Class [Lorg.gradle.api.internal.ClassPathProvider;                                    : loaded 2 times (x 66B)
Class org.gradle.api.internal.ClassPathProvider                                       : loaded 2 times (x 67B)
Class org.gradle.internal.service.UnknownServiceException                             : loaded 2 times (x 80B)
Class org.gradle.internal.classpath.TransformedClassPath                              : loaded 2 times (x 93B)
Class org.gradle.internal.service.ServiceLocator                                      : loaded 2 times (x 67B)
Class org.gradle.internal.InternalTransformer                                         : loaded 2 times (x 67B)
Class org.gradle.internal.classloader.ClasspathUtil$1                                 : loaded 2 times (x 73B)
Class org.gradle.api.internal.classpath.DefaultModuleRegistry$DefaultModule           : loaded 2 times (x 83B)
Class org.gradle.api.internal.classpath.Module                                        : loaded 2 times (x 67B)
Class org.gradle.api.internal.classpath.UnknownModuleException                        : loaded 2 times (x 79B)
Class org.gradle.api.internal.DefaultClassPathRegistry                                : loaded 2 times (x 73B)
Class org.gradle.api.internal.ClassPathRegistry                                       : loaded 2 times (x 67B)
Class org.gradle.internal.classpath.DefaultClassPath$ImmutableUniqueList              : loaded 2 times (x 196B)
Class org.gradle.internal.classpath.ClassPath                                         : loaded 2 times (x 67B)
Class org.gradle.api.UncheckedIOException                                             : loaded 2 times (x 79B)
Class org.gradle.internal.installation.GradleInstallation$1                           : loaded 2 times (x 72B)
Class org.gradle.api.internal.classpath.ModuleRegistry                                : loaded 2 times (x 67B)
Class org.gradle.api.internal.classpath.DefaultModuleRegistry                         : loaded 2 times (x 80B)
Class org.gradle.internal.service.ServiceLookupException                              : loaded 2 times (x 79B)
Class org.gradle.internal.classloader.ClassLoaderFactory                              : loaded 2 times (x 67B)
Class org.gradle.internal.service.CachingServiceLocator                               : loaded 2 times (x 79B)
Class org.gradle.internal.classloader.ClasspathUtil                                   : loaded 2 times (x 68B)
Class org.gradle.api.specs.Spec                                                       : loaded 2 times (x 67B)
Class org.gradle.internal.classloader.VisitableURLClassLoader$InstrumentingVisitableURLClassLoader: loaded 2 times (x 120B)
Class org.gradle.internal.classloader.VisitableURLClassLoader$Spec                    : loaded 2 times (x 71B)
Class org.gradle.internal.classpath.DefaultClassPath                                  : loaded 2 times (x 87B)
Class org.gradle.internal.classloader.ClassLoaderSpec                                 : loaded 2 times (x 68B)
Class org.gradle.internal.classloader.VisitableURLClassLoader                         : loaded 2 times (x 114B)
Class org.gradle.internal.Cast                                                        : loaded 2 times (x 68B)
Class org.gradle.api.Action                                                           : loaded 2 times (x 67B)
Class org.gradle.internal.agents.InstrumentingClassLoader                             : loaded 2 times (x 67B)
Class org.gradle.internal.classpath.DefaultClassPath$ImmutableUniqueList$Builder      : loaded 2 times (x 72B)
Class org.gradle.api.GradleException                                                  : loaded 2 times (x 79B)
Class org.gradle.internal.IoActions                                                   : loaded 2 times (x 68B)
Class org.gradle.internal.classloader.SystemClassLoaderSpec                           : loaded 2 times (x 68B)
Class org.gradle.internal.installation.CurrentGradleInstallationLocator               : loaded 2 times (x 68B)
Class org.gradle.internal.service.DefaultServiceLocator                               : loaded 2 times (x 80B)
Class org.gradle.internal.installation.CurrentGradleInstallation                      : loaded 2 times (x 70B)
Class org.gradle.util.internal.GUtil                                                  : loaded 2 times (x 68B)
Class org.gradle.internal.installation.GradleInstallation                             : loaded 2 times (x 72B)

---------------  S Y S T E M  ---------------

OS:
 Windows 11 , 64 bit Build 26100 (10.0.26100.7019)
OS uptime: 6 days 0:17 hours
Hyper-V role detected

CPU: total 12 (initial active 12) (6 cores per cpu, 2 threads per core) family 6 model 186 stepping 3 microcode 0x4128, cx8, cmov, fxsr, ht, mmx, 3dnowpref, sse, sse2, sse3, ssse3, sse4.1, sse4.2, popcnt, lzcnt, tsc, tscinvbit, avx, avx2, aes, erms, clmul, bmi1, bmi2, adx, sha, fma, vzeroupper, clflush, clflushopt, clwb, hv, serialize, rdtscp, rdpid, fsrm, f16c, cet_ibt, cet_ss
Processor Information for all 12 processors :
  Max Mhz: 1300, Current Mhz: 1300, Mhz Limit: 1300

Memory: 4k page, system-wide physical 16068M (1842M free)
TotalPageFile size 47438M (AvailPageFile size 46M)
current process WorkingSet (physical memory assigned to process): 207M, peak: 210M
current process commit charge ("private bytes"): 262M, peak: 384M

vm_info: OpenJDK 64-Bit Server VM (21.0.3+-12282718-b509.11) for windows-amd64 JRE (21.0.3+-12282718-b509.11), built on 2024-08-27T17:34:15Z by "builder" with MS VC++ 16.10 / 16.11 (VS2019)

END.
